┏━━━━━━━━━━━━━━━━━━━━━━┳━━━━━━━━━━┳━━━━━━━━━━┳━━━━━━━━━━┳━━━━━━━━━━┳━━━━━━━━━━━┳━━━━━━━━━━┳━━━━━━━━━━━┳━━━━━━━━━━┳━━━━━━━━━━━┳━━━━━━━━━━┳━━━━━━━━━━━┳━━━━━━━━━━┓
┃                      ┃ Hold     ┃ Reg to   ┃          ┃          ┃ of which  ┃ Setup    ┃           ┃          ┃           ┃ of which ┃           ┃          ┃
┃                      ┃ Worst    ┃ Reg      ┃          ┃ Hold Vio ┃ reg to    ┃ Worst    ┃ Reg to    ┃ Setup    ┃ Setup Vio ┃ reg to   ┃ Max Cap   ┃ Max Slew ┃
┃ Corner/Group         ┃ Slack    ┃ Paths    ┃ Hold TNS ┃ Count    ┃ reg       ┃ Slack    ┃ Reg Paths ┃ TNS      ┃ Count     ┃ reg      ┃ Violatio… ┃ Violati… ┃
┡━━━━━━━━━━━━━━━━━━━━━━╇━━━━━━━━━━╇━━━━━━━━━━╇━━━━━━━━━━╇━━━━━━━━━━╇━━━━━━━━━━━╇━━━━━━━━━━╇━━━━━━━━━━━╇━━━━━━━━━━╇━━━━━━━━━━━╇━━━━━━━━━━╇━━━━━━━━━━━╇━━━━━━━━━━┩
│ Overall              │ 0.3578   │ 0.3578   │ 0.0000   │ 0        │ 0         │ -0.4901  │ N/A       │ -2.6424  │ 21        │ 0        │ 0         │ 0        │
│ nom_tt_025C_1v80     │ 0.6443   │ 0.6443   │ 0.0000   │ 0        │ 0         │ 5.5172   │ N/A       │ 0.0000   │ 0         │ 0        │ 0         │ 0        │
│ nom_ss_100C_1v60     │ 1.3822   │ 1.3822   │ 0.0000   │ 0        │ 0         │ -0.2324  │ N/A       │ -0.6155  │ 4         │ 0        │ 0         │ 0        │
│ nom_ff_n40C_1v95     │ 0.3675   │ 0.3675   │ 0.0000   │ 0        │ 0         │ 7.1874   │ N/A       │ 0.0000   │ 0         │ 0        │ 0         │ 0        │
│ min_tt_025C_1v80     │ 0.6285   │ 0.6285   │ 0.0000   │ 0        │ 0         │ 5.6095   │ N/A       │ 0.0000   │ 0         │ 0        │ 0         │ 0        │
│ min_ss_100C_1v60     │ 1.3529   │ 1.3529   │ 0.0000   │ 0        │ 0         │ 0.0795   │ N/A       │ 0.0000   │ 0         │ 0        │ 0         │ 0        │
│ min_ff_n40C_1v95     │ 0.3578   │ 0.3578   │ 0.0000   │ 0        │ 0         │ 7.2487   │ N/A       │ 0.0000   │ 0         │ 0        │ 0         │ 0        │
│ max_tt_025C_1v80     │ 0.6613   │ 0.6613   │ 0.0000   │ 0        │ 0         │ 5.4554   │ N/A       │ 0.0000   │ 0         │ 0        │ 0         │ 0        │
│ max_ss_100C_1v60     │ 1.4131   │ 1.4131   │ 0.0000   │ 0        │ 0         │ -0.4901  │ N/A       │ -2.6424  │ 17        │ 0        │ 0         │ 0        │
│ max_ff_n40C_1v95     │ 0.3781   │ 0.3781   │ 0.0000   │ 0        │ 0         │ 7.1419   │ N/A       │ 0.0000   │ 0         │ 0        │ 0         │ 0        │
└──────────────────────┴──────────┴──────────┴──────────┴──────────┴───────────┴──────────┴───────────┴──────────┴───────────┴──────────┴───────────┴──────────┘
