
Cell ahb_counter (0) disconnected node: HADDR[0]
Cell ahb_counter (0) disconnected node: HADDR[10]
Cell ahb_counter (0) disconnected node: HADDR[11]
Cell ahb_counter (0) disconnected node: HADDR[12]
Cell ahb_counter (0) disconnected node: HADDR[13]
Cell ahb_counter (0) disconnected node: HADDR[14]
Cell ahb_counter (0) disconnected node: HADDR[15]
Cell ahb_counter (0) disconnected node: HADDR[16]
Cell ahb_counter (0) disconnected node: HADDR[17]
Cell ahb_counter (0) disconnected node: HADDR[18]
Cell ahb_counter (0) disconnected node: HADDR[19]
Cell ahb_counter (0) disconnected node: HADDR[1]
Cell ahb_counter (0) disconnected node: HADDR[20]
Cell ahb_counter (0) disconnected node: HADDR[21]
Cell ahb_counter (0) disconnected node: HADDR[22]
Cell ahb_counter (0) disconnected node: HADDR[23]
Cell ahb_counter (0) disconnected node: HADDR[24]
Cell ahb_counter (0) disconnected node: HADDR[25]
Cell ahb_counter (0) disconnected node: HADDR[26]
Cell ahb_counter (0) disconnected node: HADDR[27]
Cell ahb_counter (0) disconnected node: HADDR[28]
Cell ahb_counter (0) disconnected node: HADDR[29]
Cell ahb_counter (0) disconnected node: HADDR[2]
Cell ahb_counter (0) disconnected node: HADDR[30]
Cell ahb_counter (0) disconnected node: HADDR[31]
Cell ahb_counter (0) disconnected node: HADDR[3]
Cell ahb_counter (0) disconnected node: HADDR[4]
Cell ahb_counter (0) disconnected node: HADDR[5]
Cell ahb_counter (0) disconnected node: HADDR[6]
Cell ahb_counter (0) disconnected node: HADDR[7]
Cell ahb_counter (0) disconnected node: HADDR[8]
Cell ahb_counter (0) disconnected node: HADDR[9]
Cell ahb_counter (0) disconnected node: HCLK
Cell ahb_counter (0) disconnected node: HRDATA[0]
Cell ahb_counter (0) disconnected node: HRDATA[10]
Cell ahb_counter (0) disconnected node: HRDATA[11]
Cell ahb_counter (0) disconnected node: HRDATA[12]
Cell ahb_counter (0) disconnected node: HRDATA[13]
Cell ahb_counter (0) disconnected node: HRDATA[14]
Cell ahb_counter (0) disconnected node: HRDATA[15]
Cell ahb_counter (0) disconnected node: HRDATA[16]
Cell ahb_counter (0) disconnected node: HRDATA[17]
Cell ahb_counter (0) disconnected node: HRDATA[18]
Cell ahb_counter (0) disconnected node: HRDATA[19]
Cell ahb_counter (0) disconnected node: HRDATA[1]
Cell ahb_counter (0) disconnected node: HRDATA[20]
Cell ahb_counter (0) disconnected node: HRDATA[21]
Cell ahb_counter (0) disconnected node: HRDATA[22]
Cell ahb_counter (0) disconnected node: HRDATA[23]
Cell ahb_counter (0) disconnected node: HRDATA[24]
Cell ahb_counter (0) disconnected node: HRDATA[25]
Cell ahb_counter (0) disconnected node: HRDATA[26]
Cell ahb_counter (0) disconnected node: HRDATA[27]
Cell ahb_counter (0) disconnected node: HRDATA[28]
Cell ahb_counter (0) disconnected node: HRDATA[29]
Cell ahb_counter (0) disconnected node: HRDATA[2]
Cell ahb_counter (0) disconnected node: HRDATA[30]
Cell ahb_counter (0) disconnected node: HRDATA[31]
Cell ahb_counter (0) disconnected node: HRDATA[3]
Cell ahb_counter (0) disconnected node: HRDATA[4]
Cell ahb_counter (0) disconnected node: HRDATA[5]
Cell ahb_counter (0) disconnected node: HRDATA[6]
Cell ahb_counter (0) disconnected node: HRDATA[7]
Cell ahb_counter (0) disconnected node: HRDATA[8]
Cell ahb_counter (0) disconnected node: HRDATA[9]
Cell ahb_counter (0) disconnected node: HREADY
Cell ahb_counter (0) disconnected node: HREADYOUT
Cell ahb_counter (0) disconnected node: HRESETn
Cell ahb_counter (0) disconnected node: HSEL
Cell ahb_counter (0) disconnected node: HSIZE[0]
Cell ahb_counter (0) disconnected node: HSIZE[1]
Cell ahb_counter (0) disconnected node: HSIZE[2]
Cell ahb_counter (0) disconnected node: HTRANS[0]
Cell ahb_counter (0) disconnected node: HTRANS[1]
Cell ahb_counter (0) disconnected node: HWDATA[0]
Cell ahb_counter (0) disconnected node: HWDATA[10]
Cell ahb_counter (0) disconnected node: HWDATA[11]
Cell ahb_counter (0) disconnected node: HWDATA[12]
Cell ahb_counter (0) disconnected node: HWDATA[13]
Cell ahb_counter (0) disconnected node: HWDATA[14]
Cell ahb_counter (0) disconnected node: HWDATA[15]
Cell ahb_counter (0) disconnected node: HWDATA[16]
Cell ahb_counter (0) disconnected node: HWDATA[17]
Cell ahb_counter (0) disconnected node: HWDATA[18]
Cell ahb_counter (0) disconnected node: HWDATA[19]
Cell ahb_counter (0) disconnected node: HWDATA[1]
Cell ahb_counter (0) disconnected node: HWDATA[20]
Cell ahb_counter (0) disconnected node: HWDATA[21]
Cell ahb_counter (0) disconnected node: HWDATA[22]
Cell ahb_counter (0) disconnected node: HWDATA[23]
Cell ahb_counter (0) disconnected node: HWDATA[24]
Cell ahb_counter (0) disconnected node: HWDATA[25]
Cell ahb_counter (0) disconnected node: HWDATA[26]
Cell ahb_counter (0) disconnected node: HWDATA[27]
Cell ahb_counter (0) disconnected node: HWDATA[28]
Cell ahb_counter (0) disconnected node: HWDATA[29]
Cell ahb_counter (0) disconnected node: HWDATA[2]
Cell ahb_counter (0) disconnected node: HWDATA[30]
Cell ahb_counter (0) disconnected node: HWDATA[31]
Cell ahb_counter (0) disconnected node: HWDATA[3]
Cell ahb_counter (0) disconnected node: HWDATA[4]
Cell ahb_counter (0) disconnected node: HWDATA[5]
Cell ahb_counter (0) disconnected node: HWDATA[6]
Cell ahb_counter (0) disconnected node: HWDATA[7]
Cell ahb_counter (0) disconnected node: HWDATA[8]
Cell ahb_counter (0) disconnected node: HWDATA[9]
Cell ahb_counter (0) disconnected node: HWRITE
Cell ahb_counter (0) disconnected node: gpio_oeb[0]
Cell ahb_counter (0) disconnected node: gpio_oeb[10]
Cell ahb_counter (0) disconnected node: gpio_oeb[11]
Cell ahb_counter (0) disconnected node: gpio_oeb[12]
Cell ahb_counter (0) disconnected node: gpio_oeb[13]
Cell ahb_counter (0) disconnected node: gpio_oeb[14]
Cell ahb_counter (0) disconnected node: gpio_oeb[15]
Cell ahb_counter (0) disconnected node: gpio_oeb[1]
Cell ahb_counter (0) disconnected node: gpio_oeb[2]
Cell ahb_counter (0) disconnected node: gpio_oeb[3]
Cell ahb_counter (0) disconnected node: gpio_oeb[4]
Cell ahb_counter (0) disconnected node: gpio_oeb[5]
Cell ahb_counter (0) disconnected node: gpio_oeb[6]
Cell ahb_counter (0) disconnected node: gpio_oeb[7]
Cell ahb_counter (0) disconnected node: gpio_oeb[8]
Cell ahb_counter (0) disconnected node: gpio_oeb[9]
Cell ahb_counter (0) disconnected node: gpio_out[0]
Cell ahb_counter (0) disconnected node: gpio_out[10]
Cell ahb_counter (0) disconnected node: gpio_out[11]
Cell ahb_counter (0) disconnected node: gpio_out[12]
Cell ahb_counter (0) disconnected node: gpio_out[13]
Cell ahb_counter (0) disconnected node: gpio_out[14]
Cell ahb_counter (0) disconnected node: gpio_out[15]
Cell ahb_counter (0) disconnected node: gpio_out[1]
Cell ahb_counter (0) disconnected node: gpio_out[2]
Cell ahb_counter (0) disconnected node: gpio_out[3]
Cell ahb_counter (0) disconnected node: gpio_out[4]
Cell ahb_counter (0) disconnected node: gpio_out[5]
Cell ahb_counter (0) disconnected node: gpio_out[6]
Cell ahb_counter (0) disconnected node: gpio_out[7]
Cell ahb_counter (0) disconnected node: gpio_out[8]
Cell ahb_counter (0) disconnected node: gpio_out[9]
Cell ahb_counter (0) disconnected node: vccd1
Cell ahb_counter (0) disconnected node: vssd1

Subcircuit pins:
Circuit 1: ahb_counter                     |Circuit 2: ahb_counter                     
-------------------------------------------|-------------------------------------------
HADDR[0]                                   |HADDR[0]                                   
HADDR[10]                                  |HADDR[10]                                  
HADDR[11]                                  |HADDR[11]                                  
HADDR[12]                                  |HADDR[12]                                  
HADDR[13]                                  |HADDR[13]                                  
HADDR[14]                                  |HADDR[14]                                  
HADDR[15]                                  |HADDR[15]                                  
HADDR[16]                                  |HADDR[16]                                  
HADDR[17]                                  |HADDR[17]                                  
HADDR[18]                                  |HADDR[18]                                  
HADDR[19]                                  |HADDR[19]                                  
HADDR[1]                                   |HADDR[1]                                   
HADDR[20]                                  |HADDR[20]                                  
HADDR[21]                                  |HADDR[21]                                  
HADDR[22]                                  |HADDR[22]                                  
HADDR[23]                                  |HADDR[23]                                  
HADDR[24]                                  |HADDR[24]                                  
HADDR[25]                                  |HADDR[25]                                  
HADDR[26]                                  |HADDR[26]                                  
HADDR[27]                                  |HADDR[27]                                  
HADDR[28]                                  |HADDR[28]                                  
HADDR[29]                                  |HADDR[29]                                  
HADDR[2]                                   |HADDR[2]                                   
HADDR[30]                                  |HADDR[30]                                  
HADDR[31]                                  |HADDR[31]                                  
HADDR[3]                                   |HADDR[3]                                   
HADDR[4]                                   |HADDR[4]                                   
HADDR[5]                                   |HADDR[5]                                   
HADDR[6]                                   |HADDR[6]                                   
HADDR[7]                                   |HADDR[7]                                   
HADDR[8]                                   |HADDR[8]                                   
HADDR[9]                                   |HADDR[9]                                   
HCLK                                       |HCLK                                       
HRDATA[0]                                  |HRDATA[0]                                  
HRDATA[10]                                 |HRDATA[10]                                 
HRDATA[11]                                 |HRDATA[11]                                 
HRDATA[12]                                 |HRDATA[12]                                 
HRDATA[13]                                 |HRDATA[13]                                 
HRDATA[14]                                 |HRDATA[14]                                 
HRDATA[15]                                 |HRDATA[15]                                 
HRDATA[16]                                 |HRDATA[16]                                 
HRDATA[17]                                 |HRDATA[17]                                 
HRDATA[18]                                 |HRDATA[18]                                 
HRDATA[19]                                 |HRDATA[19]                                 
HRDATA[1]                                  |HRDATA[1]                                  
HRDATA[20]                                 |HRDATA[20]                                 
HRDATA[21]                                 |HRDATA[21]                                 
HRDATA[22]                                 |HRDATA[22]                                 
HRDATA[23]                                 |HRDATA[23]                                 
HRDATA[24]                                 |HRDATA[24]                                 
HRDATA[25]                                 |HRDATA[25]                                 
HRDATA[26]                                 |HRDATA[26]                                 
HRDATA[27]                                 |HRDATA[27]                                 
HRDATA[28]                                 |HRDATA[28]                                 
HRDATA[29]                                 |HRDATA[29]                                 
HRDATA[2]                                  |HRDATA[2]                                  
HRDATA[30]                                 |HRDATA[30]                                 
HRDATA[31]                                 |HRDATA[31]                                 
HRDATA[3]                                  |HRDATA[3]                                  
HRDATA[4]                                  |HRDATA[4]                                  
HRDATA[5]                                  |HRDATA[5]                                  
HRDATA[6]                                  |HRDATA[6]                                  
HRDATA[7]                                  |HRDATA[7]                                  
HRDATA[8]                                  |HRDATA[8]                                  
HRDATA[9]                                  |HRDATA[9]                                  
HREADY                                     |HREADY                                     
HREADYOUT                                  |HREADYOUT                                  
HRESETn                                    |HRESETn                                    
HSEL                                       |HSEL                                       
HSIZE[0]                                   |HSIZE[0]                                   
HSIZE[1]                                   |HSIZE[1]                                   
HSIZE[2]                                   |HSIZE[2]                                   
HTRANS[0]                                  |HTRANS[0]                                  
HTRANS[1]                                  |HTRANS[1]                                  
HWDATA[0]                                  |HWDATA[0]                                  
HWDATA[10]                                 |HWDATA[10]                                 
HWDATA[11]                                 |HWDATA[11]                                 
HWDATA[12]                                 |HWDATA[12]                                 
HWDATA[13]                                 |HWDATA[13]                                 
HWDATA[14]                                 |HWDATA[14]                                 
HWDATA[15]                                 |HWDATA[15]                                 
HWDATA[16]                                 |HWDATA[16]                                 
HWDATA[17]                                 |HWDATA[17]                                 
HWDATA[18]                                 |HWDATA[18]                                 
HWDATA[19]                                 |HWDATA[19]                                 
HWDATA[1]                                  |HWDATA[1]                                  
HWDATA[20]                                 |HWDATA[20]                                 
HWDATA[21]                                 |HWDATA[21]                                 
HWDATA[22]                                 |HWDATA[22]                                 
HWDATA[23]                                 |HWDATA[23]                                 
HWDATA[24]                                 |HWDATA[24]                                 
HWDATA[25]                                 |HWDATA[25]                                 
HWDATA[26]                                 |HWDATA[26]                                 
HWDATA[27]                                 |HWDATA[27]                                 
HWDATA[28]                                 |HWDATA[28]                                 
HWDATA[29]                                 |HWDATA[29]                                 
HWDATA[2]                                  |HWDATA[2]                                  
HWDATA[30]                                 |HWDATA[30]                                 
HWDATA[31]                                 |HWDATA[31]                                 
HWDATA[3]                                  |HWDATA[3]                                  
HWDATA[4]                                  |HWDATA[4]                                  
HWDATA[5]                                  |HWDATA[5]                                  
HWDATA[6]                                  |HWDATA[6]                                  
HWDATA[7]                                  |HWDATA[7]                                  
HWDATA[8]                                  |HWDATA[8]                                  
HWDATA[9]                                  |HWDATA[9]                                  
HWRITE                                     |HWRITE                                     
gpio_oeb[0]                                |gpio_oeb[0]                                
gpio_oeb[10]                               |gpio_oeb[10]                               
gpio_oeb[11]                               |gpio_oeb[11]                               
gpio_oeb[12]                               |gpio_oeb[12]                               
gpio_oeb[13]                               |gpio_oeb[13]                               
gpio_oeb[14]                               |gpio_oeb[14]                               
gpio_oeb[15]                               |gpio_oeb[15]                               
gpio_oeb[1]                                |gpio_oeb[1]                                
gpio_oeb[2]                                |gpio_oeb[2]                                
gpio_oeb[3]                                |gpio_oeb[3]                                
gpio_oeb[4]                                |gpio_oeb[4]                                
gpio_oeb[5]                                |gpio_oeb[5]                                
gpio_oeb[6]                                |gpio_oeb[6]                                
gpio_oeb[7]                                |gpio_oeb[7]                                
gpio_oeb[8]                                |gpio_oeb[8]                                
gpio_oeb[9]                                |gpio_oeb[9]                                
gpio_out[0]                                |gpio_out[0]                                
gpio_out[10]                               |gpio_out[10]                               
gpio_out[11]                               |gpio_out[11]                               
gpio_out[12]                               |gpio_out[12]                               
gpio_out[13]                               |gpio_out[13]                               
gpio_out[14]                               |gpio_out[14]                               
gpio_out[15]                               |gpio_out[15]                               
gpio_out[1]                                |gpio_out[1]                                
gpio_out[2]                                |gpio_out[2]                                
gpio_out[3]                                |gpio_out[3]                                
gpio_out[4]                                |gpio_out[4]                                
gpio_out[5]                                |gpio_out[5]                                
gpio_out[6]                                |gpio_out[6]                                
gpio_out[7]                                |gpio_out[7]                                
gpio_out[8]                                |gpio_out[8]                                
gpio_out[9]                                |gpio_out[9]                                
vccd1                                      |vccd1                                      
vssd1                                      |vssd1                                      
---------------------------------------------------------------------------------------
Cell pin lists are equivalent.
Device classes ahb_counter and ahb_counter are equivalent.

Cell user_project_wrapper (0) disconnected node: adc0
Cell user_project_wrapper (0) disconnected node: adc1
Cell user_project_wrapper (0) disconnected node: comp_n
Cell user_project_wrapper (0) disconnected node: comp_p
Cell user_project_wrapper (0) disconnected node: dac0
Cell user_project_wrapper (0) disconnected node: dac1
Cell user_project_wrapper (0) disconnected node: gpio0_in[0]
Cell user_project_wrapper (0) disconnected node: gpio0_in[1]
Cell user_project_wrapper (0) disconnected node: gpio0_in[2]
Cell user_project_wrapper (0) disconnected node: gpio0_in[3]
Cell user_project_wrapper (0) disconnected node: gpio0_in[4]
Cell user_project_wrapper (0) disconnected node: gpio0_in[5]
Cell user_project_wrapper (0) disconnected node: gpio0_in[6]
Cell user_project_wrapper (0) disconnected node: gpio0_in[7]
Cell user_project_wrapper (0) disconnected node: gpio0_oeb[0]
Cell user_project_wrapper (0) disconnected node: gpio0_oeb[1]
Cell user_project_wrapper (0) disconnected node: gpio0_oeb[2]
Cell user_project_wrapper (0) disconnected node: gpio0_oeb[3]
Cell user_project_wrapper (0) disconnected node: gpio0_oeb[4]
Cell user_project_wrapper (0) disconnected node: gpio0_oeb[5]
Cell user_project_wrapper (0) disconnected node: gpio0_oeb[6]
Cell user_project_wrapper (0) disconnected node: gpio0_oeb[7]
Cell user_project_wrapper (0) disconnected node: gpio0_out[0]
Cell user_project_wrapper (0) disconnected node: gpio0_out[1]
Cell user_project_wrapper (0) disconnected node: gpio0_out[2]
Cell user_project_wrapper (0) disconnected node: gpio0_out[3]
Cell user_project_wrapper (0) disconnected node: gpio0_out[4]
Cell user_project_wrapper (0) disconnected node: gpio0_out[5]
Cell user_project_wrapper (0) disconnected node: gpio0_out[6]
Cell user_project_wrapper (0) disconnected node: gpio0_out[7]
Cell user_project_wrapper (0) disconnected node: gpio1_in[0]
Cell user_project_wrapper (0) disconnected node: gpio1_in[1]
Cell user_project_wrapper (0) disconnected node: gpio1_in[2]
Cell user_project_wrapper (0) disconnected node: gpio1_in[3]
Cell user_project_wrapper (0) disconnected node: gpio1_in[4]
Cell user_project_wrapper (0) disconnected node: gpio1_in[5]
Cell user_project_wrapper (0) disconnected node: gpio1_in[6]
Cell user_project_wrapper (0) disconnected node: gpio1_in[7]
Cell user_project_wrapper (0) disconnected node: gpio2_in[0]
Cell user_project_wrapper (0) disconnected node: gpio2_in[1]
Cell user_project_wrapper (0) disconnected node: gpio2_in[2]
Cell user_project_wrapper (0) disconnected node: gpio2_in[3]
Cell user_project_wrapper (0) disconnected node: gpio2_in[4]
Cell user_project_wrapper (0) disconnected node: gpio2_in[5]
Cell user_project_wrapper (0) disconnected node: gpio2_in[6]
Cell user_project_wrapper (0) disconnected node: gpio2_in[7]
Cell user_project_wrapper (0) disconnected node: gpio2_oeb[0]
Cell user_project_wrapper (0) disconnected node: gpio2_oeb[1]
Cell user_project_wrapper (0) disconnected node: gpio2_oeb[2]
Cell user_project_wrapper (0) disconnected node: gpio2_oeb[3]
Cell user_project_wrapper (0) disconnected node: gpio2_oeb[4]
Cell user_project_wrapper (0) disconnected node: gpio2_oeb[5]
Cell user_project_wrapper (0) disconnected node: gpio2_oeb[6]
Cell user_project_wrapper (0) disconnected node: gpio2_oeb[7]
Cell user_project_wrapper (0) disconnected node: gpio2_out[0]
Cell user_project_wrapper (0) disconnected node: gpio2_out[1]
Cell user_project_wrapper (0) disconnected node: gpio2_out[2]
Cell user_project_wrapper (0) disconnected node: gpio2_out[3]
Cell user_project_wrapper (0) disconnected node: gpio2_out[4]
Cell user_project_wrapper (0) disconnected node: gpio2_out[5]
Cell user_project_wrapper (0) disconnected node: gpio2_out[6]
Cell user_project_wrapper (0) disconnected node: gpio2_out[7]
Cell user_project_wrapper (0) disconnected node: gpio3_0_analog
Cell user_project_wrapper (0) disconnected node: gpio3_1_analog
Cell user_project_wrapper (0) disconnected node: gpio3_2_analog
Cell user_project_wrapper (0) disconnected node: gpio3_3_analog
Cell user_project_wrapper (0) disconnected node: gpio3_4_analog
Cell user_project_wrapper (0) disconnected node: gpio3_5_analog
Cell user_project_wrapper (0) disconnected node: gpio3_6_analog
Cell user_project_wrapper (0) disconnected node: gpio3_7_analog
Cell user_project_wrapper (0) disconnected node: gpio3_in[0]
Cell user_project_wrapper (0) disconnected node: gpio3_in[1]
Cell user_project_wrapper (0) disconnected node: gpio3_in[2]
Cell user_project_wrapper (0) disconnected node: gpio3_in[3]
Cell user_project_wrapper (0) disconnected node: gpio3_in[4]
Cell user_project_wrapper (0) disconnected node: gpio3_in[5]
Cell user_project_wrapper (0) disconnected node: gpio3_in[6]
Cell user_project_wrapper (0) disconnected node: gpio3_in[7]
Cell user_project_wrapper (0) disconnected node: gpio3_oeb[0]
Cell user_project_wrapper (0) disconnected node: gpio3_oeb[1]
Cell user_project_wrapper (0) disconnected node: gpio3_oeb[2]
Cell user_project_wrapper (0) disconnected node: gpio3_oeb[3]
Cell user_project_wrapper (0) disconnected node: gpio3_oeb[4]
Cell user_project_wrapper (0) disconnected node: gpio3_oeb[5]
Cell user_project_wrapper (0) disconnected node: gpio3_oeb[6]
Cell user_project_wrapper (0) disconnected node: gpio3_oeb[7]
Cell user_project_wrapper (0) disconnected node: gpio3_out[0]
Cell user_project_wrapper (0) disconnected node: gpio3_out[1]
Cell user_project_wrapper (0) disconnected node: gpio3_out[2]
Cell user_project_wrapper (0) disconnected node: gpio3_out[3]
Cell user_project_wrapper (0) disconnected node: gpio3_out[4]
Cell user_project_wrapper (0) disconnected node: gpio3_out[5]
Cell user_project_wrapper (0) disconnected node: gpio3_out[6]
Cell user_project_wrapper (0) disconnected node: gpio3_out[7]
Cell user_project_wrapper (0) disconnected node: gpio4_0_analog
Cell user_project_wrapper (0) disconnected node: gpio4_1_analog
Cell user_project_wrapper (0) disconnected node: gpio4_2_analog
Cell user_project_wrapper (0) disconnected node: gpio4_3_analog
Cell user_project_wrapper (0) disconnected node: gpio4_4_analog
Cell user_project_wrapper (0) disconnected node: gpio4_5_analog
Cell user_project_wrapper (0) disconnected node: gpio4_6_analog
Cell user_project_wrapper (0) disconnected node: gpio4_7_analog
Cell user_project_wrapper (0) disconnected node: gpio4_in[0]
Cell user_project_wrapper (0) disconnected node: gpio4_in[1]
Cell user_project_wrapper (0) disconnected node: gpio4_in[2]
Cell user_project_wrapper (0) disconnected node: gpio4_in[3]
Cell user_project_wrapper (0) disconnected node: gpio4_in[4]
Cell user_project_wrapper (0) disconnected node: gpio4_in[5]
Cell user_project_wrapper (0) disconnected node: gpio4_in[6]
Cell user_project_wrapper (0) disconnected node: gpio4_in[7]
Cell user_project_wrapper (0) disconnected node: gpio4_oeb[0]
Cell user_project_wrapper (0) disconnected node: gpio4_oeb[1]
Cell user_project_wrapper (0) disconnected node: gpio4_oeb[2]
Cell user_project_wrapper (0) disconnected node: gpio4_oeb[3]
Cell user_project_wrapper (0) disconnected node: gpio4_oeb[4]
Cell user_project_wrapper (0) disconnected node: gpio4_oeb[5]
Cell user_project_wrapper (0) disconnected node: gpio4_oeb[6]
Cell user_project_wrapper (0) disconnected node: gpio4_oeb[7]
Cell user_project_wrapper (0) disconnected node: gpio4_out[0]
Cell user_project_wrapper (0) disconnected node: gpio4_out[1]
Cell user_project_wrapper (0) disconnected node: gpio4_out[2]
Cell user_project_wrapper (0) disconnected node: gpio4_out[3]
Cell user_project_wrapper (0) disconnected node: gpio4_out[4]
Cell user_project_wrapper (0) disconnected node: gpio4_out[5]
Cell user_project_wrapper (0) disconnected node: gpio4_out[6]
Cell user_project_wrapper (0) disconnected node: gpio4_out[7]
Cell user_project_wrapper (0) disconnected node: gpio5_in[0]
Cell user_project_wrapper (0) disconnected node: gpio5_in[1]
Cell user_project_wrapper (0) disconnected node: gpio5_in[2]
Cell user_project_wrapper (0) disconnected node: gpio5_in[3]
Cell user_project_wrapper (0) disconnected node: gpio5_in[4]
Cell user_project_wrapper (0) disconnected node: gpio5_in[5]
Cell user_project_wrapper (0) disconnected node: gpio5_in[6]
Cell user_project_wrapper (0) disconnected node: gpio5_in[7]
Cell user_project_wrapper (0) disconnected node: gpio5_oeb[0]
Cell user_project_wrapper (0) disconnected node: gpio5_oeb[1]
Cell user_project_wrapper (0) disconnected node: gpio5_oeb[2]
Cell user_project_wrapper (0) disconnected node: gpio5_oeb[3]
Cell user_project_wrapper (0) disconnected node: gpio5_oeb[4]
Cell user_project_wrapper (0) disconnected node: gpio5_oeb[5]
Cell user_project_wrapper (0) disconnected node: gpio5_oeb[6]
Cell user_project_wrapper (0) disconnected node: gpio5_oeb[7]
Cell user_project_wrapper (0) disconnected node: gpio5_out[0]
Cell user_project_wrapper (0) disconnected node: gpio5_out[1]
Cell user_project_wrapper (0) disconnected node: gpio5_out[2]
Cell user_project_wrapper (0) disconnected node: gpio5_out[3]
Cell user_project_wrapper (0) disconnected node: gpio5_out[4]
Cell user_project_wrapper (0) disconnected node: gpio5_out[5]
Cell user_project_wrapper (0) disconnected node: gpio5_out[6]
Cell user_project_wrapper (0) disconnected node: gpio5_out[7]
Cell user_project_wrapper (0) disconnected node: gpio6_in[0]
Cell user_project_wrapper (0) disconnected node: gpio6_in[1]
Cell user_project_wrapper (0) disconnected node: gpio6_in[2]
Cell user_project_wrapper (0) disconnected node: gpio6_in[3]
Cell user_project_wrapper (0) disconnected node: gpio6_in[4]
Cell user_project_wrapper (0) disconnected node: gpio6_in[5]
Cell user_project_wrapper (0) disconnected node: gpio6_in[6]
Cell user_project_wrapper (0) disconnected node: gpio6_in[7]
Cell user_project_wrapper (0) disconnected node: gpio7_in[0]
Cell user_project_wrapper (0) disconnected node: gpio7_in[1]
Cell user_project_wrapper (0) disconnected node: gpio7_in[2]
Cell user_project_wrapper (0) disconnected node: gpio7_in[3]
Cell user_project_wrapper (0) disconnected node: gpio7_in[4]
Cell user_project_wrapper (0) disconnected node: gpio7_in[5]
Cell user_project_wrapper (0) disconnected node: gpio7_in[6]
Cell user_project_wrapper (0) disconnected node: gpio7_in[7]
Cell user_project_wrapper (0) disconnected node: gpio7_oeb[0]
Cell user_project_wrapper (0) disconnected node: gpio7_oeb[1]
Cell user_project_wrapper (0) disconnected node: gpio7_oeb[2]
Cell user_project_wrapper (0) disconnected node: gpio7_oeb[3]
Cell user_project_wrapper (0) disconnected node: gpio7_oeb[4]
Cell user_project_wrapper (0) disconnected node: gpio7_oeb[5]
Cell user_project_wrapper (0) disconnected node: gpio7_oeb[6]
Cell user_project_wrapper (0) disconnected node: gpio7_oeb[7]
Cell user_project_wrapper (0) disconnected node: gpio7_out[0]
Cell user_project_wrapper (0) disconnected node: gpio7_out[1]
Cell user_project_wrapper (0) disconnected node: gpio7_out[2]
Cell user_project_wrapper (0) disconnected node: gpio7_out[3]
Cell user_project_wrapper (0) disconnected node: gpio7_out[4]
Cell user_project_wrapper (0) disconnected node: gpio7_out[5]
Cell user_project_wrapper (0) disconnected node: gpio7_out[6]
Cell user_project_wrapper (0) disconnected node: gpio7_out[7]
Cell user_project_wrapper (0) disconnected node: ibias100
Cell user_project_wrapper (0) disconnected node: ibias50
Cell user_project_wrapper (0) disconnected node: left_vref
Cell user_project_wrapper (0) disconnected node: right_vref
Cell user_project_wrapper (0) disconnected node: sio_in[0]
Cell user_project_wrapper (0) disconnected node: sio_in[1]
Cell user_project_wrapper (0) disconnected node: sio_oeb[0]
Cell user_project_wrapper (0) disconnected node: sio_oeb[1]
Cell user_project_wrapper (0) disconnected node: sio_out[0]
Cell user_project_wrapper (0) disconnected node: sio_out[1]
Cell user_project_wrapper (0) disconnected node: tempsense
Cell user_project_wrapper (0) disconnected node: ulpcomp_n
Cell user_project_wrapper (0) disconnected node: ulpcomp_p
Cell user_project_wrapper (0) disconnected node: user_irq[0]
Cell user_project_wrapper (0) disconnected node: user_irq[10]
Cell user_project_wrapper (0) disconnected node: user_irq[11]
Cell user_project_wrapper (0) disconnected node: user_irq[12]
Cell user_project_wrapper (0) disconnected node: user_irq[13]
Cell user_project_wrapper (0) disconnected node: user_irq[14]
Cell user_project_wrapper (0) disconnected node: user_irq[15]
Cell user_project_wrapper (0) disconnected node: user_irq[1]
Cell user_project_wrapper (0) disconnected node: user_irq[2]
Cell user_project_wrapper (0) disconnected node: user_irq[3]
Cell user_project_wrapper (0) disconnected node: user_irq[4]
Cell user_project_wrapper (0) disconnected node: user_irq[5]
Cell user_project_wrapper (0) disconnected node: user_irq[6]
Cell user_project_wrapper (0) disconnected node: user_irq[7]
Cell user_project_wrapper (0) disconnected node: user_irq[8]
Cell user_project_wrapper (0) disconnected node: user_irq[9]
Cell user_project_wrapper (0) disconnected node: vbgsc
Cell user_project_wrapper (0) disconnected node: vbgtc
Cell user_project_wrapper (0) disconnected node: vccd2
Cell user_project_wrapper (0) disconnected node: vdda1
Cell user_project_wrapper (0) disconnected node: vdda2
Cell user_project_wrapper (0) disconnected node: vinref
Cell user_project_wrapper (0) disconnected node: voutref
Cell user_project_wrapper (0) disconnected node: vssa1
Cell user_project_wrapper (0) disconnected node: vssa2
Cell user_project_wrapper (0) disconnected node: vssd2
Cell user_project_wrapper (0) disconnected node: vssa1_uq0
Cell user_project_wrapper (0) disconnected node: vssa1_uq1
Cell user_project_wrapper (0) disconnected node: vssa1_uq2
Cell user_project_wrapper (0) disconnected node: vdda1_uq0
Cell user_project_wrapper (0) disconnected node: vdda1_uq1
Cell user_project_wrapper (0) disconnected node: vdda1_uq2
Cell user_project_wrapper (0) disconnected node: vdda2_uq0
Cell user_project_wrapper (0) disconnected node: vdda2_uq1
Cell user_project_wrapper (0) disconnected node: vdda2_uq2
Cell user_project_wrapper (0) disconnected node: vssa2_uq0
Cell user_project_wrapper (0) disconnected node: vssa2_uq1
Cell user_project_wrapper (0) disconnected node: vssa2_uq2
Cell user_project_wrapper (1) disconnected node: adc0
Cell user_project_wrapper (1) disconnected node: adc1
Cell user_project_wrapper (1) disconnected node: comp_n
Cell user_project_wrapper (1) disconnected node: comp_p
Cell user_project_wrapper (1) disconnected node: dac0
Cell user_project_wrapper (1) disconnected node: dac1
Cell user_project_wrapper (1) disconnected node: gpio3_0_analog
Cell user_project_wrapper (1) disconnected node: gpio3_1_analog
Cell user_project_wrapper (1) disconnected node: gpio3_2_analog
Cell user_project_wrapper (1) disconnected node: gpio3_3_analog
Cell user_project_wrapper (1) disconnected node: gpio3_4_analog
Cell user_project_wrapper (1) disconnected node: gpio3_5_analog
Cell user_project_wrapper (1) disconnected node: gpio3_6_analog
Cell user_project_wrapper (1) disconnected node: gpio3_7_analog
Cell user_project_wrapper (1) disconnected node: gpio4_0_analog
Cell user_project_wrapper (1) disconnected node: gpio4_1_analog
Cell user_project_wrapper (1) disconnected node: gpio4_2_analog
Cell user_project_wrapper (1) disconnected node: gpio4_3_analog
Cell user_project_wrapper (1) disconnected node: gpio4_4_analog
Cell user_project_wrapper (1) disconnected node: gpio4_5_analog
Cell user_project_wrapper (1) disconnected node: gpio4_6_analog
Cell user_project_wrapper (1) disconnected node: gpio4_7_analog
Cell user_project_wrapper (1) disconnected node: ibias100
Cell user_project_wrapper (1) disconnected node: ibias50
Cell user_project_wrapper (1) disconnected node: left_vref
Cell user_project_wrapper (1) disconnected node: right_vref
Cell user_project_wrapper (1) disconnected node: tempsense
Cell user_project_wrapper (1) disconnected node: ulpcomp_n
Cell user_project_wrapper (1) disconnected node: ulpcomp_p
Cell user_project_wrapper (1) disconnected node: vbgsc
Cell user_project_wrapper (1) disconnected node: vbgtc
Cell user_project_wrapper (1) disconnected node: vinref
Cell user_project_wrapper (1) disconnected node: voutref
Cell user_project_wrapper (1) disconnected node: vssd2
Cell user_project_wrapper (1) disconnected node: vccd2
Cell user_project_wrapper (1) disconnected node: vssa2
Cell user_project_wrapper (1) disconnected node: vdda2
Cell user_project_wrapper (1) disconnected node: vssa1
Cell user_project_wrapper (1) disconnected node: vdda1
Cell user_project_wrapper (1) disconnected node: gpio0_in[7]
Cell user_project_wrapper (1) disconnected node: gpio0_in[6]
Cell user_project_wrapper (1) disconnected node: gpio0_in[5]
Cell user_project_wrapper (1) disconnected node: gpio0_in[4]
Cell user_project_wrapper (1) disconnected node: gpio0_in[3]
Cell user_project_wrapper (1) disconnected node: gpio0_in[2]
Cell user_project_wrapper (1) disconnected node: gpio0_in[1]
Cell user_project_wrapper (1) disconnected node: gpio0_in[0]
Cell user_project_wrapper (1) disconnected node: gpio0_oeb[7]
Cell user_project_wrapper (1) disconnected node: gpio0_oeb[6]
Cell user_project_wrapper (1) disconnected node: gpio0_oeb[5]
Cell user_project_wrapper (1) disconnected node: gpio0_oeb[4]
Cell user_project_wrapper (1) disconnected node: gpio0_oeb[3]
Cell user_project_wrapper (1) disconnected node: gpio0_oeb[2]
Cell user_project_wrapper (1) disconnected node: gpio0_oeb[1]
Cell user_project_wrapper (1) disconnected node: gpio0_oeb[0]
Cell user_project_wrapper (1) disconnected node: gpio0_out[7]
Cell user_project_wrapper (1) disconnected node: gpio0_out[6]
Cell user_project_wrapper (1) disconnected node: gpio0_out[5]
Cell user_project_wrapper (1) disconnected node: gpio0_out[4]
Cell user_project_wrapper (1) disconnected node: gpio0_out[3]
Cell user_project_wrapper (1) disconnected node: gpio0_out[2]
Cell user_project_wrapper (1) disconnected node: gpio0_out[1]
Cell user_project_wrapper (1) disconnected node: gpio0_out[0]
Cell user_project_wrapper (1) disconnected node: gpio1_in[7]
Cell user_project_wrapper (1) disconnected node: gpio1_in[6]
Cell user_project_wrapper (1) disconnected node: gpio1_in[5]
Cell user_project_wrapper (1) disconnected node: gpio1_in[4]
Cell user_project_wrapper (1) disconnected node: gpio1_in[3]
Cell user_project_wrapper (1) disconnected node: gpio1_in[2]
Cell user_project_wrapper (1) disconnected node: gpio1_in[1]
Cell user_project_wrapper (1) disconnected node: gpio1_in[0]
Cell user_project_wrapper (1) disconnected node: gpio2_in[7]
Cell user_project_wrapper (1) disconnected node: gpio2_in[6]
Cell user_project_wrapper (1) disconnected node: gpio2_in[5]
Cell user_project_wrapper (1) disconnected node: gpio2_in[4]
Cell user_project_wrapper (1) disconnected node: gpio2_in[3]
Cell user_project_wrapper (1) disconnected node: gpio2_in[2]
Cell user_project_wrapper (1) disconnected node: gpio2_in[1]
Cell user_project_wrapper (1) disconnected node: gpio2_in[0]
Cell user_project_wrapper (1) disconnected node: gpio2_oeb[7]
Cell user_project_wrapper (1) disconnected node: gpio2_oeb[6]
Cell user_project_wrapper (1) disconnected node: gpio2_oeb[5]
Cell user_project_wrapper (1) disconnected node: gpio2_oeb[4]
Cell user_project_wrapper (1) disconnected node: gpio2_oeb[3]
Cell user_project_wrapper (1) disconnected node: gpio2_oeb[2]
Cell user_project_wrapper (1) disconnected node: gpio2_oeb[1]
Cell user_project_wrapper (1) disconnected node: gpio2_oeb[0]
Cell user_project_wrapper (1) disconnected node: gpio2_out[7]
Cell user_project_wrapper (1) disconnected node: gpio2_out[6]
Cell user_project_wrapper (1) disconnected node: gpio2_out[5]
Cell user_project_wrapper (1) disconnected node: gpio2_out[4]
Cell user_project_wrapper (1) disconnected node: gpio2_out[3]
Cell user_project_wrapper (1) disconnected node: gpio2_out[2]
Cell user_project_wrapper (1) disconnected node: gpio2_out[1]
Cell user_project_wrapper (1) disconnected node: gpio2_out[0]
Cell user_project_wrapper (1) disconnected node: gpio3_in[7]
Cell user_project_wrapper (1) disconnected node: gpio3_in[6]
Cell user_project_wrapper (1) disconnected node: gpio3_in[5]
Cell user_project_wrapper (1) disconnected node: gpio3_in[4]
Cell user_project_wrapper (1) disconnected node: gpio3_in[3]
Cell user_project_wrapper (1) disconnected node: gpio3_in[2]
Cell user_project_wrapper (1) disconnected node: gpio3_in[1]
Cell user_project_wrapper (1) disconnected node: gpio3_in[0]
Cell user_project_wrapper (1) disconnected node: gpio3_oeb[7]
Cell user_project_wrapper (1) disconnected node: gpio3_oeb[6]
Cell user_project_wrapper (1) disconnected node: gpio3_oeb[5]
Cell user_project_wrapper (1) disconnected node: gpio3_oeb[4]
Cell user_project_wrapper (1) disconnected node: gpio3_oeb[3]
Cell user_project_wrapper (1) disconnected node: gpio3_oeb[2]
Cell user_project_wrapper (1) disconnected node: gpio3_oeb[1]
Cell user_project_wrapper (1) disconnected node: gpio3_oeb[0]
Cell user_project_wrapper (1) disconnected node: gpio3_out[7]
Cell user_project_wrapper (1) disconnected node: gpio3_out[6]
Cell user_project_wrapper (1) disconnected node: gpio3_out[5]
Cell user_project_wrapper (1) disconnected node: gpio3_out[4]
Cell user_project_wrapper (1) disconnected node: gpio3_out[3]
Cell user_project_wrapper (1) disconnected node: gpio3_out[2]
Cell user_project_wrapper (1) disconnected node: gpio3_out[1]
Cell user_project_wrapper (1) disconnected node: gpio3_out[0]
Cell user_project_wrapper (1) disconnected node: gpio4_in[7]
Cell user_project_wrapper (1) disconnected node: gpio4_in[6]
Cell user_project_wrapper (1) disconnected node: gpio4_in[5]
Cell user_project_wrapper (1) disconnected node: gpio4_in[4]
Cell user_project_wrapper (1) disconnected node: gpio4_in[3]
Cell user_project_wrapper (1) disconnected node: gpio4_in[2]
Cell user_project_wrapper (1) disconnected node: gpio4_in[1]
Cell user_project_wrapper (1) disconnected node: gpio4_in[0]
Cell user_project_wrapper (1) disconnected node: gpio4_oeb[7]
Cell user_project_wrapper (1) disconnected node: gpio4_oeb[6]
Cell user_project_wrapper (1) disconnected node: gpio4_oeb[5]
Cell user_project_wrapper (1) disconnected node: gpio4_oeb[4]
Cell user_project_wrapper (1) disconnected node: gpio4_oeb[3]
Cell user_project_wrapper (1) disconnected node: gpio4_oeb[2]
Cell user_project_wrapper (1) disconnected node: gpio4_oeb[1]
Cell user_project_wrapper (1) disconnected node: gpio4_oeb[0]
Cell user_project_wrapper (1) disconnected node: gpio4_out[7]
Cell user_project_wrapper (1) disconnected node: gpio4_out[6]
Cell user_project_wrapper (1) disconnected node: gpio4_out[5]
Cell user_project_wrapper (1) disconnected node: gpio4_out[4]
Cell user_project_wrapper (1) disconnected node: gpio4_out[3]
Cell user_project_wrapper (1) disconnected node: gpio4_out[2]
Cell user_project_wrapper (1) disconnected node: gpio4_out[1]
Cell user_project_wrapper (1) disconnected node: gpio4_out[0]
Cell user_project_wrapper (1) disconnected node: gpio5_in[7]
Cell user_project_wrapper (1) disconnected node: gpio5_in[6]
Cell user_project_wrapper (1) disconnected node: gpio5_in[5]
Cell user_project_wrapper (1) disconnected node: gpio5_in[4]
Cell user_project_wrapper (1) disconnected node: gpio5_in[3]
Cell user_project_wrapper (1) disconnected node: gpio5_in[2]
Cell user_project_wrapper (1) disconnected node: gpio5_in[1]
Cell user_project_wrapper (1) disconnected node: gpio5_in[0]
Cell user_project_wrapper (1) disconnected node: gpio5_oeb[7]
Cell user_project_wrapper (1) disconnected node: gpio5_oeb[6]
Cell user_project_wrapper (1) disconnected node: gpio5_oeb[5]
Cell user_project_wrapper (1) disconnected node: gpio5_oeb[4]
Cell user_project_wrapper (1) disconnected node: gpio5_oeb[3]
Cell user_project_wrapper (1) disconnected node: gpio5_oeb[2]
Cell user_project_wrapper (1) disconnected node: gpio5_oeb[1]
Cell user_project_wrapper (1) disconnected node: gpio5_oeb[0]
Cell user_project_wrapper (1) disconnected node: gpio5_out[7]
Cell user_project_wrapper (1) disconnected node: gpio5_out[6]
Cell user_project_wrapper (1) disconnected node: gpio5_out[5]
Cell user_project_wrapper (1) disconnected node: gpio5_out[4]
Cell user_project_wrapper (1) disconnected node: gpio5_out[3]
Cell user_project_wrapper (1) disconnected node: gpio5_out[2]
Cell user_project_wrapper (1) disconnected node: gpio5_out[1]
Cell user_project_wrapper (1) disconnected node: gpio5_out[0]
Cell user_project_wrapper (1) disconnected node: gpio6_in[7]
Cell user_project_wrapper (1) disconnected node: gpio6_in[6]
Cell user_project_wrapper (1) disconnected node: gpio6_in[5]
Cell user_project_wrapper (1) disconnected node: gpio6_in[4]
Cell user_project_wrapper (1) disconnected node: gpio6_in[3]
Cell user_project_wrapper (1) disconnected node: gpio6_in[2]
Cell user_project_wrapper (1) disconnected node: gpio6_in[1]
Cell user_project_wrapper (1) disconnected node: gpio6_in[0]
Cell user_project_wrapper (1) disconnected node: gpio7_in[7]
Cell user_project_wrapper (1) disconnected node: gpio7_in[6]
Cell user_project_wrapper (1) disconnected node: gpio7_in[5]
Cell user_project_wrapper (1) disconnected node: gpio7_in[4]
Cell user_project_wrapper (1) disconnected node: gpio7_in[3]
Cell user_project_wrapper (1) disconnected node: gpio7_in[2]
Cell user_project_wrapper (1) disconnected node: gpio7_in[1]
Cell user_project_wrapper (1) disconnected node: gpio7_in[0]
Cell user_project_wrapper (1) disconnected node: gpio7_oeb[7]
Cell user_project_wrapper (1) disconnected node: gpio7_oeb[6]
Cell user_project_wrapper (1) disconnected node: gpio7_oeb[5]
Cell user_project_wrapper (1) disconnected node: gpio7_oeb[4]
Cell user_project_wrapper (1) disconnected node: gpio7_oeb[3]
Cell user_project_wrapper (1) disconnected node: gpio7_oeb[2]
Cell user_project_wrapper (1) disconnected node: gpio7_oeb[1]
Cell user_project_wrapper (1) disconnected node: gpio7_oeb[0]
Cell user_project_wrapper (1) disconnected node: gpio7_out[7]
Cell user_project_wrapper (1) disconnected node: gpio7_out[6]
Cell user_project_wrapper (1) disconnected node: gpio7_out[5]
Cell user_project_wrapper (1) disconnected node: gpio7_out[4]
Cell user_project_wrapper (1) disconnected node: gpio7_out[3]
Cell user_project_wrapper (1) disconnected node: gpio7_out[2]
Cell user_project_wrapper (1) disconnected node: gpio7_out[1]
Cell user_project_wrapper (1) disconnected node: gpio7_out[0]
Cell user_project_wrapper (1) disconnected node: sio_in[1]
Cell user_project_wrapper (1) disconnected node: sio_in[0]
Cell user_project_wrapper (1) disconnected node: sio_oeb[1]
Cell user_project_wrapper (1) disconnected node: sio_oeb[0]
Cell user_project_wrapper (1) disconnected node: sio_out[1]
Cell user_project_wrapper (1) disconnected node: sio_out[0]
Cell user_project_wrapper (1) disconnected node: user_irq[15]
Cell user_project_wrapper (1) disconnected node: user_irq[14]
Cell user_project_wrapper (1) disconnected node: user_irq[13]
Cell user_project_wrapper (1) disconnected node: user_irq[12]
Cell user_project_wrapper (1) disconnected node: user_irq[11]
Cell user_project_wrapper (1) disconnected node: user_irq[10]
Cell user_project_wrapper (1) disconnected node: user_irq[9]
Cell user_project_wrapper (1) disconnected node: user_irq[8]
Cell user_project_wrapper (1) disconnected node: user_irq[7]
Cell user_project_wrapper (1) disconnected node: user_irq[6]
Cell user_project_wrapper (1) disconnected node: user_irq[5]
Cell user_project_wrapper (1) disconnected node: user_irq[4]
Cell user_project_wrapper (1) disconnected node: user_irq[3]
Cell user_project_wrapper (1) disconnected node: user_irq[2]
Cell user_project_wrapper (1) disconnected node: user_irq[1]
Cell user_project_wrapper (1) disconnected node: user_irq[0]
Subcircuit summary:
Circuit 1: user_project_wrapper            |Circuit 2: user_project_wrapper            
-------------------------------------------|-------------------------------------------
ahb_counter (1)                            |ahb_counter (1)                            
Number of devices: 1                       |Number of devices: 1                       
Number of nets: 141                        |Number of nets: 141                        
---------------------------------------------------------------------------------------
Netlists match uniquely with port errors.

Subcircuit pins:
Circuit 1: user_project_wrapper            |Circuit 2: user_project_wrapper            
-------------------------------------------|-------------------------------------------
HCLK                                       |HCLK                                       
HREADY                                     |HREADY                                     
HREADYOUT                                  |HREADYOUT                                  
HRESETn                                    |HRESETn                                    
HSEL                                       |HSEL                                       
HWRITE                                     |HWRITE                                     
vccd1                                      |vccd1                                      
vssd1                                      |vssd1                                      
HADDR[31]                                  |HADDR[31]                                  
HADDR[30]                                  |HADDR[30]                                  
HADDR[29]                                  |HADDR[29]                                  
HADDR[28]                                  |HADDR[28]                                  
HADDR[27]                                  |HADDR[27]                                  
HADDR[26]                                  |HADDR[26]                                  
HADDR[25]                                  |HADDR[25]                                  
HADDR[24]                                  |HADDR[24]                                  
HADDR[23]                                  |HADDR[23]                                  
HADDR[22]                                  |HADDR[22]                                  
HADDR[21]                                  |HADDR[21]                                  
HADDR[20]                                  |HADDR[20]                                  
HADDR[19]                                  |HADDR[19]                                  
HADDR[18]                                  |HADDR[18]                                  
HADDR[17]                                  |HADDR[17]                                  
HADDR[16]                                  |HADDR[16]                                  
HADDR[15]                                  |HADDR[15]                                  
HADDR[14]                                  |HADDR[14]                                  
HADDR[13]                                  |HADDR[13]                                  
HADDR[12]                                  |HADDR[12]                                  
HADDR[11]                                  |HADDR[11]                                  
HADDR[10]                                  |HADDR[10]                                  
HADDR[9]                                   |HADDR[9]                                   
HADDR[8]                                   |HADDR[8]                                   
HADDR[7]                                   |HADDR[7]                                   
HADDR[6]                                   |HADDR[6]                                   
HADDR[5]                                   |HADDR[5]                                   
HADDR[4]                                   |HADDR[4]                                   
HADDR[3]                                   |HADDR[3]                                   
HADDR[2]                                   |HADDR[2]                                   
HADDR[1]                                   |HADDR[1]                                   
HADDR[0]                                   |HADDR[0]                                   
HRDATA[31]                                 |HRDATA[31]                                 
HRDATA[30]                                 |HRDATA[30]                                 
HRDATA[29]                                 |HRDATA[29]                                 
HRDATA[28]                                 |HRDATA[28]                                 
HRDATA[27]                                 |HRDATA[27]                                 
HRDATA[26]                                 |HRDATA[26]                                 
HRDATA[25]                                 |HRDATA[25]                                 
HRDATA[24]                                 |HRDATA[24]                                 
HRDATA[23]                                 |HRDATA[23]                                 
HRDATA[22]                                 |HRDATA[22]                                 
HRDATA[21]                                 |HRDATA[21]                                 
HRDATA[20]                                 |HRDATA[20]                                 
HRDATA[19]                                 |HRDATA[19]                                 
HRDATA[18]                                 |HRDATA[18]                                 
HRDATA[17]                                 |HRDATA[17]                                 
HRDATA[16]                                 |HRDATA[16]                                 
HRDATA[15]                                 |HRDATA[15]                                 
HRDATA[14]                                 |HRDATA[14]                                 
HRDATA[13]                                 |HRDATA[13]                                 
HRDATA[12]                                 |HRDATA[12]                                 
HRDATA[11]                                 |HRDATA[11]                                 
HRDATA[10]                                 |HRDATA[10]                                 
HRDATA[9]                                  |HRDATA[9]                                  
HRDATA[8]                                  |HRDATA[8]                                  
HRDATA[7]                                  |HRDATA[7]                                  
HRDATA[6]                                  |HRDATA[6]                                  
HRDATA[5]                                  |HRDATA[5]                                  
HRDATA[4]                                  |HRDATA[4]                                  
HRDATA[3]                                  |HRDATA[3]                                  
HRDATA[2]                                  |HRDATA[2]                                  
HRDATA[1]                                  |HRDATA[1]                                  
HRDATA[0]                                  |HRDATA[0]                                  
HSIZE[2]                                   |HSIZE[2]                                   
HSIZE[1]                                   |HSIZE[1]                                   
HSIZE[0]                                   |HSIZE[0]                                   
HTRANS[1]                                  |HTRANS[1]                                  
HTRANS[0]                                  |HTRANS[0]                                  
HWDATA[31]                                 |HWDATA[31]                                 
HWDATA[30]                                 |HWDATA[30]                                 
HWDATA[29]                                 |HWDATA[29]                                 
HWDATA[28]                                 |HWDATA[28]                                 
HWDATA[27]                                 |HWDATA[27]                                 
HWDATA[26]                                 |HWDATA[26]                                 
HWDATA[25]                                 |HWDATA[25]                                 
HWDATA[24]                                 |HWDATA[24]                                 
HWDATA[23]                                 |HWDATA[23]                                 
HWDATA[22]                                 |HWDATA[22]                                 
HWDATA[21]                                 |HWDATA[21]                                 
HWDATA[20]                                 |HWDATA[20]                                 
HWDATA[19]                                 |HWDATA[19]                                 
HWDATA[18]                                 |HWDATA[18]                                 
HWDATA[17]                                 |HWDATA[17]                                 
HWDATA[16]                                 |HWDATA[16]                                 
HWDATA[15]                                 |HWDATA[15]                                 
HWDATA[14]                                 |HWDATA[14]                                 
HWDATA[13]                                 |HWDATA[13]                                 
HWDATA[12]                                 |HWDATA[12]                                 
HWDATA[11]                                 |HWDATA[11]                                 
HWDATA[10]                                 |HWDATA[10]                                 
HWDATA[9]                                  |HWDATA[9]                                  
HWDATA[8]                                  |HWDATA[8]                                  
HWDATA[7]                                  |HWDATA[7]                                  
HWDATA[6]                                  |HWDATA[6]                                  
HWDATA[5]                                  |HWDATA[5]                                  
HWDATA[4]                                  |HWDATA[4]                                  
HWDATA[3]                                  |HWDATA[3]                                  
HWDATA[2]                                  |HWDATA[2]                                  
HWDATA[1]                                  |HWDATA[1]                                  
HWDATA[0]                                  |HWDATA[0]                                  
gpio6_oeb[7]                               |gpio6_oeb[7]                               
gpio6_oeb[6]                               |gpio6_oeb[6]                               
gpio6_oeb[5]                               |gpio6_oeb[5]                               
gpio6_oeb[4]                               |gpio6_oeb[4]                               
gpio6_oeb[3]                               |gpio6_oeb[3]                               
gpio6_oeb[2]                               |gpio6_oeb[2]                               
gpio6_oeb[1]                               |gpio6_oeb[1]                               
gpio6_oeb[0]                               |gpio6_oeb[0]                               
gpio1_oeb[7]                               |gpio1_oeb[7]                               
gpio1_oeb[6]                               |gpio1_oeb[6]                               
gpio1_oeb[5]                               |gpio1_oeb[5]                               
gpio1_oeb[4]                               |gpio1_oeb[4]                               
gpio1_oeb[3]                               |gpio1_oeb[3]                               
gpio1_oeb[2]                               |gpio1_oeb[2]                               
gpio1_oeb[1]                               |gpio1_oeb[1]                               
gpio1_oeb[0]                               |gpio1_oeb[0]                               
gpio6_out[7]                               |gpio6_out[7]                               
gpio6_out[6]                               |gpio6_out[6]                               
gpio6_out[5]                               |gpio6_out[5]                               
gpio6_out[4]                               |gpio6_out[4]                               
gpio6_out[3]                               |gpio6_out[3]                               
gpio6_out[2]                               |gpio6_out[2]                               
gpio6_out[1]                               |gpio6_out[1]                               
gpio6_out[0]                               |gpio6_out[0]                               
gpio1_out[7]                               |gpio1_out[7]                               
gpio1_out[6]                               |gpio1_out[6]                               
gpio1_out[5]                               |gpio1_out[5]                               
gpio1_out[4]                               |gpio1_out[4]                               
gpio1_out[3]                               |gpio1_out[3]                               
gpio1_out[2]                               |gpio1_out[2]                               
gpio1_out[1]                               |gpio1_out[1]                               
gpio1_out[0]                               |gpio1_out[0]                               
adc0                                       |adc0                                       
adc1                                       |adc1                                       
comp_n                                     |comp_n                                     
comp_p                                     |comp_p                                     
dac0                                       |dac0                                       
dac1                                       |dac1                                       
gpio0_in[0]                                |gpio0_in[0]                                
gpio0_in[1]                                |gpio0_in[1]                                
gpio0_in[2]                                |gpio0_in[2]                                
gpio0_in[3]                                |gpio0_in[3]                                
gpio0_in[4]                                |gpio0_in[4]                                
gpio0_in[5]                                |gpio0_in[5]                                
gpio0_in[6]                                |gpio0_in[6]                                
gpio0_in[7]                                |gpio0_in[7]                                
gpio0_oeb[0]                               |gpio0_oeb[0]                               
gpio0_oeb[1]                               |gpio0_oeb[1]                               
gpio0_oeb[2]                               |gpio0_oeb[2]                               
gpio0_oeb[3]                               |gpio0_oeb[3]                               
gpio0_oeb[4]                               |gpio0_oeb[4]                               
gpio0_oeb[5]                               |gpio0_oeb[5]                               
gpio0_oeb[6]                               |gpio0_oeb[6]                               
gpio0_oeb[7]                               |gpio0_oeb[7]                               
gpio0_out[0]                               |gpio0_out[0]                               
gpio0_out[1]                               |gpio0_out[1]                               
gpio0_out[2]                               |gpio0_out[2]                               
gpio0_out[3]                               |gpio0_out[3]                               
gpio0_out[4]                               |gpio0_out[4]                               
gpio0_out[5]                               |gpio0_out[5]                               
gpio0_out[6]                               |gpio0_out[6]                               
gpio0_out[7]                               |gpio0_out[7]                               
gpio1_in[0]                                |gpio1_in[0]                                
gpio1_in[1]                                |gpio1_in[1]                                
gpio1_in[2]                                |gpio1_in[2]                                
gpio1_in[3]                                |gpio1_in[3]                                
gpio1_in[4]                                |gpio1_in[4]                                
gpio1_in[5]                                |gpio1_in[5]                                
gpio1_in[6]                                |gpio1_in[6]                                
gpio1_in[7]                                |gpio1_in[7]                                
gpio2_in[0]                                |gpio2_in[0]                                
gpio2_in[1]                                |gpio2_in[1]                                
gpio2_in[2]                                |gpio2_in[2]                                
gpio2_in[3]                                |gpio2_in[3]                                
gpio2_in[4]                                |gpio2_in[4]                                
gpio2_in[5]                                |gpio2_in[5]                                
gpio2_in[6]                                |gpio2_in[6]                                
gpio2_in[7]                                |gpio2_in[7]                                
gpio2_oeb[0]                               |gpio2_oeb[0]                               
gpio2_oeb[1]                               |gpio2_oeb[1]                               
gpio2_oeb[2]                               |gpio2_oeb[2]                               
gpio2_oeb[3]                               |gpio2_oeb[3]                               
gpio2_oeb[4]                               |gpio2_oeb[4]                               
gpio2_oeb[5]                               |gpio2_oeb[5]                               
gpio2_oeb[6]                               |gpio2_oeb[6]                               
gpio2_oeb[7]                               |gpio2_oeb[7]                               
gpio2_out[0]                               |gpio2_out[0]                               
gpio2_out[1]                               |gpio2_out[1]                               
gpio2_out[2]                               |gpio2_out[2]                               
gpio2_out[3]                               |gpio2_out[3]                               
gpio2_out[4]                               |gpio2_out[4]                               
gpio2_out[5]                               |gpio2_out[5]                               
gpio2_out[6]                               |gpio2_out[6]                               
gpio2_out[7]                               |gpio2_out[7]                               
gpio3_0_analog                             |gpio3_0_analog                             
gpio3_1_analog                             |gpio3_1_analog                             
gpio3_2_analog                             |gpio3_2_analog                             
gpio3_3_analog                             |gpio3_3_analog                             
gpio3_4_analog                             |gpio3_4_analog                             
gpio3_5_analog                             |gpio3_5_analog                             
gpio3_6_analog                             |gpio3_6_analog                             
gpio3_7_analog                             |gpio3_7_analog                             
gpio3_in[0]                                |gpio3_in[0]                                
gpio3_in[1]                                |gpio3_in[1]                                
gpio3_in[2]                                |gpio3_in[2]                                
gpio3_in[3]                                |gpio3_in[3]                                
gpio3_in[4]                                |gpio3_in[4]                                
gpio3_in[5]                                |gpio3_in[5]                                
gpio3_in[6]                                |gpio3_in[6]                                
gpio3_in[7]                                |gpio3_in[7]                                
gpio3_oeb[0]                               |gpio3_oeb[0]                               
gpio3_oeb[1]                               |gpio3_oeb[1]                               
gpio3_oeb[2]                               |gpio3_oeb[2]                               
gpio3_oeb[3]                               |gpio3_oeb[3]                               
gpio3_oeb[4]                               |gpio3_oeb[4]                               
gpio3_oeb[5]                               |gpio3_oeb[5]                               
gpio3_oeb[6]                               |gpio3_oeb[6]                               
gpio3_oeb[7]                               |gpio3_oeb[7]                               
gpio3_out[0]                               |gpio3_out[0]                               
gpio3_out[1]                               |gpio3_out[1]                               
gpio3_out[2]                               |gpio3_out[2]                               
gpio3_out[3]                               |gpio3_out[3]                               
gpio3_out[4]                               |gpio3_out[4]                               
gpio3_out[5]                               |gpio3_out[5]                               
gpio3_out[6]                               |gpio3_out[6]                               
gpio3_out[7]                               |gpio3_out[7]                               
gpio4_0_analog                             |gpio4_0_analog                             
gpio4_1_analog                             |gpio4_1_analog                             
gpio4_2_analog                             |gpio4_2_analog                             
gpio4_3_analog                             |gpio4_3_analog                             
gpio4_4_analog                             |gpio4_4_analog                             
gpio4_5_analog                             |gpio4_5_analog                             
gpio4_6_analog                             |gpio4_6_analog                             
gpio4_7_analog                             |gpio4_7_analog                             
gpio4_in[0]                                |gpio4_in[0]                                
gpio4_in[1]                                |gpio4_in[1]                                
gpio4_in[2]                                |gpio4_in[2]                                
gpio4_in[3]                                |gpio4_in[3]                                
gpio4_in[4]                                |gpio4_in[4]                                
gpio4_in[5]                                |gpio4_in[5]                                
gpio4_in[6]                                |gpio4_in[6]                                
gpio4_in[7]                                |gpio4_in[7]                                
gpio4_oeb[0]                               |gpio4_oeb[0]                               
gpio4_oeb[1]                               |gpio4_oeb[1]                               
gpio4_oeb[2]                               |gpio4_oeb[2]                               
gpio4_oeb[3]                               |gpio4_oeb[3]                               
gpio4_oeb[4]                               |gpio4_oeb[4]                               
gpio4_oeb[5]                               |gpio4_oeb[5]                               
gpio4_oeb[6]                               |gpio4_oeb[6]                               
gpio4_oeb[7]                               |gpio4_oeb[7]                               
gpio4_out[0]                               |gpio4_out[0]                               
gpio4_out[1]                               |gpio4_out[1]                               
gpio4_out[2]                               |gpio4_out[2]                               
gpio4_out[3]                               |gpio4_out[3]                               
gpio4_out[4]                               |gpio4_out[4]                               
gpio4_out[5]                               |gpio4_out[5]                               
gpio4_out[6]                               |gpio4_out[6]                               
gpio4_out[7]                               |gpio4_out[7]                               
gpio5_in[0]                                |gpio5_in[0]                                
gpio5_in[1]                                |gpio5_in[1]                                
gpio5_in[2]                                |gpio5_in[2]                                
gpio5_in[3]                                |gpio5_in[3]                                
gpio5_in[4]                                |gpio5_in[4]                                
gpio5_in[5]                                |gpio5_in[5]                                
gpio5_in[6]                                |gpio5_in[6]                                
gpio5_in[7]                                |gpio5_in[7]                                
gpio5_oeb[0]                               |gpio5_oeb[0]                               
gpio5_oeb[1]                               |gpio5_oeb[1]                               
gpio5_oeb[2]                               |gpio5_oeb[2]                               
gpio5_oeb[3]                               |gpio5_oeb[3]                               
gpio5_oeb[4]                               |gpio5_oeb[4]                               
gpio5_oeb[5]                               |gpio5_oeb[5]                               
gpio5_oeb[6]                               |gpio5_oeb[6]                               
gpio5_oeb[7]                               |gpio5_oeb[7]                               
gpio5_out[0]                               |gpio5_out[0]                               
gpio5_out[1]                               |gpio5_out[1]                               
gpio5_out[2]                               |gpio5_out[2]                               
gpio5_out[3]                               |gpio5_out[3]                               
gpio5_out[4]                               |gpio5_out[4]                               
gpio5_out[5]                               |gpio5_out[5]                               
gpio5_out[6]                               |gpio5_out[6]                               
gpio5_out[7]                               |gpio5_out[7]                               
gpio6_in[0]                                |gpio6_in[0]                                
gpio6_in[1]                                |gpio6_in[1]                                
gpio6_in[2]                                |gpio6_in[2]                                
gpio6_in[3]                                |gpio6_in[3]                                
gpio6_in[4]                                |gpio6_in[4]                                
gpio6_in[5]                                |gpio6_in[5]                                
gpio6_in[6]                                |gpio6_in[6]                                
gpio6_in[7]                                |gpio6_in[7]                                
gpio7_in[0]                                |gpio7_in[0]                                
gpio7_in[1]                                |gpio7_in[1]                                
gpio7_in[2]                                |gpio7_in[2]                                
gpio7_in[3]                                |gpio7_in[3]                                
gpio7_in[4]                                |gpio7_in[4]                                
gpio7_in[5]                                |gpio7_in[5]                                
gpio7_in[6]                                |gpio7_in[6]                                
gpio7_in[7]                                |gpio7_in[7]                                
gpio7_oeb[0]                               |gpio7_oeb[0]                               
gpio7_oeb[1]                               |gpio7_oeb[1]                               
gpio7_oeb[2]                               |gpio7_oeb[2]                               
gpio7_oeb[3]                               |gpio7_oeb[3]                               
gpio7_oeb[4]                               |gpio7_oeb[4]                               
gpio7_oeb[5]                               |gpio7_oeb[5]                               
gpio7_oeb[6]                               |gpio7_oeb[6]                               
gpio7_oeb[7]                               |gpio7_oeb[7]                               
gpio7_out[0]                               |gpio7_out[0]                               
gpio7_out[1]                               |gpio7_out[1]                               
gpio7_out[2]                               |gpio7_out[2]                               
gpio7_out[3]                               |gpio7_out[3]                               
gpio7_out[4]                               |gpio7_out[4]                               
gpio7_out[5]                               |gpio7_out[5]                               
gpio7_out[6]                               |gpio7_out[6]                               
gpio7_out[7]                               |gpio7_out[7]                               
ibias100                                   |ibias100                                   
ibias50                                    |ibias50                                    
left_vref                                  |left_vref                                  
right_vref                                 |right_vref                                 
sio_in[0]                                  |sio_in[0]                                  
sio_in[1]                                  |sio_in[1]                                  
sio_oeb[0]                                 |sio_oeb[0]                                 
sio_oeb[1]                                 |sio_oeb[1]                                 
sio_out[0]                                 |sio_out[0]                                 
sio_out[1]                                 |sio_out[1]                                 
tempsense                                  |tempsense                                  
ulpcomp_n                                  |ulpcomp_n                                  
ulpcomp_p                                  |ulpcomp_p                                  
user_irq[0]                                |user_irq[0]                                
user_irq[10]                               |user_irq[10]                               
user_irq[11]                               |user_irq[11]                               
user_irq[12]                               |user_irq[12]                               
user_irq[13]                               |user_irq[13]                               
user_irq[14]                               |user_irq[14]                               
user_irq[15]                               |user_irq[15]                               
user_irq[1]                                |user_irq[1]                                
user_irq[2]                                |user_irq[2]                                
user_irq[3]                                |user_irq[3]                                
user_irq[4]                                |user_irq[4]                                
user_irq[5]                                |user_irq[5]                                
user_irq[6]                                |user_irq[6]                                
user_irq[7]                                |user_irq[7]                                
user_irq[8]                                |user_irq[8]                                
user_irq[9]                                |user_irq[9]                                
vbgsc                                      |vbgsc                                      
vbgtc                                      |vbgtc                                      
vccd2                                      |vccd2                                      
vdda1                                      |vdda1                                      
vdda2                                      |vdda2                                      
vinref                                     |vinref                                     
voutref                                    |voutref                                    
vssa1                                      |vssa1                                      
vssa2                                      |vssa2                                      
vssd2                                      |vssd2                                      
vssa1_uq0                                  |(no matching pin)                          
vssa1_uq1                                  |(no matching pin)                          
vssa1_uq2                                  |(no matching pin)                          
vdda1_uq0                                  |(no matching pin)                          
vdda1_uq1                                  |(no matching pin)                          
vdda1_uq2                                  |(no matching pin)                          
vdda2_uq0                                  |(no matching pin)                          
vdda2_uq1                                  |(no matching pin)                          
vdda2_uq2                                  |(no matching pin)                          
vssa2_uq0                                  |(no matching pin)                          
vssa2_uq1                                  |(no matching pin)                          
vssa2_uq2                                  |(no matching pin)                          
---------------------------------------------------------------------------------------
Cell pin lists are equivalent.
Device classes user_project_wrapper and user_project_wrapper are equivalent.

Final result: Circuits match uniquely.
.
